c:\users\omkar\vscoding\projects\top-down shooter game\top-down.53b85492\x64\debug\vc143.pdb
c:\users\omkar\vscoding\projects\top-down shooter game\top-down.53b85492\x64\debug\vc143.idb
c:\users\omkar\vscoding\projects\top-down shooter game\top-down.53b85492\x64\debug\entitymanager.obj
c:\users\omkar\vscoding\projects\top-down shooter game\top-down.53b85492\x64\debug\collision.obj
c:\users\omkar\vscoding\projects\top-down shooter game\top-down.53b85492\x64\debug\player.obj
c:\users\omkar\vscoding\projects\top-down shooter game\top-down.53b85492\x64\debug\enemy.obj
c:\users\omkar\vscoding\projects\top-down shooter game\top-down.53b85492\x64\debug\bullet.obj
c:\users\omkar\vscoding\projects\top-down shooter game\top-down.53b85492\x64\debug\input.obj
c:\users\omkar\vscoding\projects\top-down shooter game\top-down.53b85492\x64\debug\game.obj
c:\users\omkar\vscoding\projects\top-down shooter game\top-down.53b85492\x64\debug\main.obj
c:\users\omkar\vscoding\projects\top-down shooter game\top-down.53b85492\x64\debug\render.obj
c:\users\omkar\vscoding\projects\top-down shooter game\top-down.53b85492\x64\debug\vc145.pdb
c:\users\omkar\vscoding\projects\top-down shooter game\top-down.53b85492\x64\debug\vc145.idb
c:\users\omkar\vscoding\projects\top-down shooter game\top-down.53b85492\x64\debug\texturemanager.obj
c:\users\omkar\vscoding\projects\top-down shooter game\x64\debug\top-down shooter game.exe
c:\users\omkar\vscoding\projects\top-down shooter game\x64\debug\top-down shooter game.pdb
c:\users\omkar\vscoding\projects\top-down shooter game\top-down.53b85492\x64\debug\top-down shooter game.ilk
c:\users\omkar\vscoding\projects\top-down shooter game\top-down.53b85492\x64\debug\renderer.obj
c:\users\omkar\vscoding\projects\top-down shooter game\top-down.53b85492\x64\debug\top-down.53b85492.tlog\cl.command.1.tlog
c:\users\omkar\vscoding\projects\top-down shooter game\top-down.53b85492\x64\debug\top-down.53b85492.tlog\cl.items.tlog
c:\users\omkar\vscoding\projects\top-down shooter game\top-down.53b85492\x64\debug\top-down.53b85492.tlog\cl.read.1.tlog
c:\users\omkar\vscoding\projects\top-down shooter game\top-down.53b85492\x64\debug\top-down.53b85492.tlog\cl.write.1.tlog
c:\users\omkar\vscoding\projects\top-down shooter game\top-down.53b85492\x64\debug\top-down.53b85492.tlog\link.command.1.tlog
c:\users\omkar\vscoding\projects\top-down shooter game\top-down.53b85492\x64\debug\top-down.53b85492.tlog\link.read.1.tlog
c:\users\omkar\vscoding\projects\top-down shooter game\top-down.53b85492\x64\debug\top-down.53b85492.tlog\link.secondary.1.tlog
c:\users\omkar\vscoding\projects\top-down shooter game\top-down.53b85492\x64\debug\top-down.53b85492.tlog\link.write.1.tlog
